Archive member included to satisfy reference by file (symbol)

c:/program files (x86)/atmel/studio/7.0/toolchain/arm/arm-gnu-toolchain/bin/../lib/gcc/arm-none-eabi/6.3.1/thumb/v6-m\libgcc.a(_udivsi3.o)
                              src/ASF/sam0/drivers/system/clock/clock_samd21_r21_da_ha1/clock.o (__aeabi_uidiv)
c:/program files (x86)/atmel/studio/7.0/toolchain/arm/arm-gnu-toolchain/bin/../lib/gcc/arm-none-eabi/6.3.1/thumb/v6-m\libgcc.a(_dvmd_tls.o)
                              c:/program files (x86)/atmel/studio/7.0/toolchain/arm/arm-gnu-toolchain/bin/../lib/gcc/arm-none-eabi/6.3.1/thumb/v6-m\libgcc.a(_udivsi3.o) (__aeabi_idiv0)
c:/program files (x86)/atmel/studio/7.0/toolchain/arm/arm-gnu-toolchain/bin/../lib/gcc/arm-none-eabi/6.3.1/thumb/v6-m\libgcc.a(_muldi3.o)
                              src/ASF/sam0/drivers/sercom/sercom.o (__aeabi_lmul)
c:/program files (x86)/atmel/studio/7.0/toolchain/arm/arm-gnu-toolchain/bin/../lib/gcc/arm-none-eabi/6.3.1/../../../../arm-none-eabi/lib/thumb/v6-m\libc_nano.a(lib_a-exit.o)
                              c:/program files (x86)/atmel/studio/7.0/toolchain/arm/arm-gnu-toolchain/bin/../lib/gcc/arm-none-eabi/6.3.1/../../../../arm-none-eabi/lib/thumb/v6-m/crt0.o (exit)
c:/program files (x86)/atmel/studio/7.0/toolchain/arm/arm-gnu-toolchain/bin/../lib/gcc/arm-none-eabi/6.3.1/../../../../arm-none-eabi/lib/thumb/v6-m\libc_nano.a(lib_a-impure.o)
                              c:/program files (x86)/atmel/studio/7.0/toolchain/arm/arm-gnu-toolchain/bin/../lib/gcc/arm-none-eabi/6.3.1/../../../../arm-none-eabi/lib/thumb/v6-m\libc_nano.a(lib_a-exit.o) (_global_impure_ptr)
c:/program files (x86)/atmel/studio/7.0/toolchain/arm/arm-gnu-toolchain/bin/../lib/gcc/arm-none-eabi/6.3.1/../../../../arm-none-eabi/lib/thumb/v6-m\libc_nano.a(lib_a-init.o)
                              c:/program files (x86)/atmel/studio/7.0/toolchain/arm/arm-gnu-toolchain/bin/../lib/gcc/arm-none-eabi/6.3.1/../../../../arm-none-eabi/lib/thumb/v6-m/crt0.o (__libc_init_array)
c:/program files (x86)/atmel/studio/7.0/toolchain/arm/arm-gnu-toolchain/bin/../lib/gcc/arm-none-eabi/6.3.1/../../../../arm-none-eabi/lib/thumb/v6-m\libc_nano.a(lib_a-memset.o)
                              c:/program files (x86)/atmel/studio/7.0/toolchain/arm/arm-gnu-toolchain/bin/../lib/gcc/arm-none-eabi/6.3.1/../../../../arm-none-eabi/lib/thumb/v6-m/crt0.o (memset)

Allocating common symbols
Common symbol       size              file

ptr_get             0x4               src/ASF/sam0/utils/stdio/read.o
ptr_put             0x4               src/ASF/sam0/utils/stdio/write.o
_sercom_instances   0x18              src/ASF/sam0/drivers/sercom/sercom_interrupt.o
stdio_base          0x4               src/ASF/sam0/utils/stdio/write.o

Discarded input sections

 .text          0x00000000        0x0 c:/program files (x86)/atmel/studio/7.0/toolchain/arm/arm-gnu-toolchain/bin/../lib/gcc/arm-none-eabi/6.3.1/thumb/v6-m/crti.o
 .data          0x00000000        0x0 c:/program files (x86)/atmel/studio/7.0/toolchain/arm/arm-gnu-toolchain/bin/../lib/gcc/arm-none-eabi/6.3.1/thumb/v6-m/crti.o
 .bss           0x00000000        0x0 c:/program files (x86)/atmel/studio/7.0/toolchain/arm/arm-gnu-toolchain/bin/../lib/gcc/arm-none-eabi/6.3.1/thumb/v6-m/crti.o
 .data          0x00000000        0x4 c:/program files (x86)/atmel/studio/7.0/toolchain/arm/arm-gnu-toolchain/bin/../lib/gcc/arm-none-eabi/6.3.1/thumb/v6-m/crtbegin.o
 .text          0x00000000       0x78 c:/program files (x86)/atmel/studio/7.0/toolchain/arm/arm-gnu-toolchain/bin/../lib/gcc/arm-none-eabi/6.3.1/../../../../arm-none-eabi/lib/thumb/v6-m/crt0.o
 .data          0x00000000        0x0 c:/program files (x86)/atmel/studio/7.0/toolchain/arm/arm-gnu-toolchain/bin/../lib/gcc/arm-none-eabi/6.3.1/../../../../arm-none-eabi/lib/thumb/v6-m/crt0.o
 .bss           0x00000000        0x0 c:/program files (x86)/atmel/studio/7.0/toolchain/arm/arm-gnu-toolchain/bin/../lib/gcc/arm-none-eabi/6.3.1/../../../../arm-none-eabi/lib/thumb/v6-m/crt0.o
 .ARM.extab     0x00000000        0x0 c:/program files (x86)/atmel/studio/7.0/toolchain/arm/arm-gnu-toolchain/bin/../lib/gcc/arm-none-eabi/6.3.1/../../../../arm-none-eabi/lib/thumb/v6-m/crt0.o
 .ARM.exidx     0x00000000        0x8 c:/program files (x86)/atmel/studio/7.0/toolchain/arm/arm-gnu-toolchain/bin/../lib/gcc/arm-none-eabi/6.3.1/../../../../arm-none-eabi/lib/thumb/v6-m/crt0.o
 .ARM.attributes
                0x00000000       0x1b c:/program files (x86)/atmel/studio/7.0/toolchain/arm/arm-gnu-toolchain/bin/../lib/gcc/arm-none-eabi/6.3.1/../../../../arm-none-eabi/lib/thumb/v6-m/crt0.o
 .group         0x00000000        0x8 src/ASF/sam0/drivers/sercom/sercom.o
 .group         0x00000000        0x8 src/ASF/sam0/drivers/sercom/sercom.o
 .group         0x00000000        0x8 src/ASF/sam0/drivers/sercom/sercom.o
 .group         0x00000000        0x8 src/ASF/sam0/drivers/sercom/sercom.o
 .group         0x00000000        0x8 src/ASF/sam0/drivers/sercom/sercom.o
[...]
Memory Configuration

Name             Origin             Length             Attributes
rom              0x00000000         0x00040000         xr
ram              0x20000000         0x00008000         xrw
*default*        0x00000000         0xffffffff

Linker script and memory map

LOAD c:/program files (x86)/atmel/studio/7.0/toolchain/arm/arm-gnu-toolchain/bin/../lib/gcc/arm-none-eabi/6.3.1/thumb/v6-m/crti.o
LOAD c:/program files (x86)/atmel/studio/7.0/toolchain/arm/arm-gnu-toolchain/bin/../lib/gcc/arm-none-eabi/6.3.1/thumb/v6-m/crtbegin.o
LOAD c:/program files (x86)/atmel/studio/7.0/toolchain/arm/arm-gnu-toolchain/bin/../lib/gcc/arm-none-eabi/6.3.1/../../../../arm-none-eabi/lib/thumb/v6-m/crt0.o
LOAD src/ASF/sam0/drivers/sercom/sercom.o
LOAD src/ASF/sam0/utils/stdio/read.o
LOAD src/ASF/sam0/utils/stdio/write.o
LOAD src/ASF/sam0/drivers/sercom/usart/usart.o
LOAD src/ASF/sam0/drivers/sercom/usart/usart_interrupt.o
LOAD src/ASF/sam0/drivers/sercom/sercom_interrupt.o
LOAD src/ASF/sam0/drivers/port/port.o
LOAD src/ASF/common2/boards/user_board/init.o
LOAD src/ASF/common/utils/interrupt/interrupt_sam_nvic.o
LOAD src/ASF/sam0/drivers/system/clock/clock_samd21_r21_da_ha1/clock.o
LOAD src/ASF/sam0/drivers/system/clock/clock_samd21_r21_da_ha1/gclk.o
LOAD src/ASF/sam0/drivers/system/interrupt/system_interrupt.o
LOAD src/ASF/sam0/drivers/system/pinmux/pinmux.o
LOAD src/ASF/sam0/drivers/system/system.o
LOAD src/ASF/sam0/utils/cmsis/samd21/source/gcc/startup_samd21.o
LOAD src/ASF/sam0/utils/cmsis/samd21/source/system_samd21.o
LOAD src/ASF/sam0/utils/syscalls/gcc/syscalls.o
LOAD src/main.o
START GROUP
LOAD ../src/ASF/thirdparty/CMSIS/Lib/GCC\libarm_cortexM0l_math.a
LOAD c:/program files (x86)/atmel/studio/7.0/toolchain/arm/arm-gnu-toolchain/bin/../lib/gcc/arm-none-eabi/6.3.1/../../../../arm-none-eabi/lib/thumb/v6-m\libm.a
END GROUP
START GROUP
LOAD c:/program files (x86)/atmel/studio/7.0/toolchain/arm/arm-gnu-toolchain/bin/../lib/gcc/arm-none-eabi/6.3.1/thumb/v6-m\libgcc.a
LOAD c:/program files (x86)/atmel/studio/7.0/toolchain/arm/arm-gnu-toolchain/bin/../lib/gcc/arm-none-eabi/6.3.1/../../../../arm-none-eabi/lib/thumb/v6-m\libc_nano.a
END GROUP
START GROUP
LOAD c:/program files (x86)/atmel/studio/7.0/toolchain/arm/arm-gnu-toolchain/bin/../lib/gcc/arm-none-eabi/6.3.1/thumb/v6-m\libgcc.a
LOAD c:/program files (x86)/atmel/studio/7.0/toolchain/arm/arm-gnu-toolchain/bin/../lib/gcc/arm-none-eabi/6.3.1/../../../../arm-none-eabi/lib/thumb/v6-m\libc_nano.a
END GROUP
LOAD c:/program files (x86)/atmel/studio/7.0/toolchain/arm/arm-gnu-toolchain/bin/../lib/gcc/arm-none-eabi/6.3.1/thumb/v6-m/crtend.o
LOAD c:/program files (x86)/atmel/studio/7.0/toolchain/arm/arm-gnu-toolchain/bin/../lib/gcc/arm-none-eabi/6.3.1/thumb/v6-m/crtn.o
                0x00002000                STACK_SIZE = DEFINED (STACK_SIZE)?STACK_SIZE:DEFINED (__stack_size__)?__stack_size__:0x2000

.text           0x00000000      0x6b0
                0x00000000                . = ALIGN (0x4)
                0x00000000                _sfixed = .
 *(.vectors .vectors.*)
 .vectors       0x00000000       0xb4 src/ASF/sam0/utils/cmsis/samd21/source/gcc/startup_samd21.o
                0x00000000                exception_table
 *(.text .text.* .gnu.linkonce.t.*)
 .text          0x000000b4       0x60 c:/program files (x86)/atmel/studio/7.0/toolchain/arm/arm-gnu-toolchain/bin/../lib/gcc/arm-none-eabi/6.3.1/thumb/v6-m/crtbegin.o
 .text.SERCOM0_Handler
                0x00000114       0x10 src/ASF/sam0/drivers/sercom/sercom_interrupt.o
                0x00000114                SERCOM0_Handler
 .text.SERCOM1_Handler
                0x00000124       0x10 src/ASF/sam0/drivers/sercom/sercom_interrupt.o
                0x00000124                SERCOM1_Handler
 .text.SERCOM2_Handler
                0x00000134       0x10 src/ASF/sam0/drivers/sercom/sercom_interrupt.o
                0x00000134                SERCOM2_Handler
 .text.SERCOM3_Handler
                0x00000144       0x10 src/ASF/sam0/drivers/sercom/sercom_interrupt.o
                0x00000144                SERCOM3_Handler
 .text.SERCOM4_Handler
                0x00000154       0x10 src/ASF/sam0/drivers/sercom/sercom_interrupt.o
                0x00000154                SERCOM4_Handler
 .text.SERCOM5_Handler
                0x00000164       0x10 src/ASF/sam0/drivers/sercom/sercom_interrupt.o
                0x00000164                SERCOM5_Handler
 .text.system_board_init
                0x00000174        0x2 src/ASF/common2/boards/user_board/init.o
                0x00000174                board_init
                0x00000174                system_board_init
 *fill*         0x00000176        0x2 
 .text.cpu_irq_enter_critical
                0x00000178       0x40 src/ASF/common/utils/interrupt/interrupt_sam_nvic.o
                0x00000178                cpu_irq_enter_critical
 .text.cpu_irq_leave_critical
                0x000001b8       0x30 src/ASF/common/utils/interrupt/interrupt_sam_nvic.o
                0x000001b8                cpu_irq_leave_critical
 .text.system_clock_source_osc8m_set_config
                0x000001e8       0x3c src/ASF/sam0/drivers/system/clock/clock_samd21_r21_da_ha1/clock.o
                0x000001e8                system_clock_source_osc8m_set_config
 .text.system_clock_source_enable
                0x00000224       0xa8 src/ASF/sam0/drivers/system/clock/clock_samd21_r21_da_ha1/clock.o
                0x00000224                system_clock_source_enable
 .text.system_clock_init
                0x000002cc       0x98 src/ASF/sam0/drivers/system/clock/clock_samd21_r21_da_ha1/clock.o
                0x000002cc                system_clock_init
 .text.system_gclk_init
                0x00000364       0x24 src/ASF/sam0/drivers/system/clock/clock_samd21_r21_da_ha1/gclk.o
                0x00000364                system_gclk_init
 .text.system_gclk_gen_set_config
                0x00000388       0xb8 src/ASF/sam0/drivers/system/clock/clock_samd21_r21_da_ha1/gclk.o
                0x00000388                system_gclk_gen_set_config
 .text.system_gclk_gen_enable
                0x00000440       0x44 src/ASF/sam0/drivers/system/clock/clock_samd21_r21_da_ha1/gclk.o
                0x00000440                system_gclk_gen_enable
 .text.system_gclk_chan_disable
                0x00000484       0x5c src/ASF/sam0/drivers/system/clock/clock_samd21_r21_da_ha1/gclk.o
                0x00000484                system_gclk_chan_disable
 .text.system_gclk_chan_set_config
                0x000004e0       0x1c src/ASF/sam0/drivers/system/clock/clock_samd21_r21_da_ha1/gclk.o
                0x000004e0                system_gclk_chan_set_config
 .text._system_dummy_init
                0x000004fc        0x2 src/ASF/sam0/drivers/system/system.o
                0x000004fc                _system_extint_init
                0x000004fc                _system_events_init
                0x000004fc                _system_dummy_init
                0x000004fc                _system_divas_init
 *fill*         0x000004fe        0x2 
 .text.system_init
                0x00000500       0x2c src/ASF/sam0/drivers/system/system.o
                0x00000500                system_init
 .text.Dummy_Handler
                0x0000052c        0x2 src/ASF/sam0/utils/cmsis/samd21/source/gcc/startup_samd21.o
                0x0000052c                DMAC_Handler
                0x0000052c                HardFault_Handler
                0x0000052c                AC_Handler
                0x0000052c                SysTick_Handler
                0x0000052c                PendSV_Handler
                0x0000052c                NMI_Handler
                0x0000052c                ADC_Handler
                0x0000052c                TCC1_Handler
                0x0000052c                TCC0_Handler
                0x0000052c                RTC_Handler
                0x0000052c                EIC_Handler
                0x0000052c                WDT_Handler
                0x0000052c                TC4_Handler
                0x0000052c                USB_Handler
                0x0000052c                TC3_Handler
                0x0000052c                Dummy_Handler
                0x0000052c                PM_Handler
                0x0000052c                SVC_Handler
                0x0000052c                TCC2_Handler
                0x0000052c                EVSYS_Handler
                0x0000052c                I2S_Handler
                0x0000052c                NVMCTRL_Handler
                0x0000052c                DAC_Handler
                0x0000052c                PTC_Handler
                0x0000052c                TC5_Handler
                0x0000052c                SYSCTRL_Handler
 *fill*         0x0000052e        0x2 
 .text.Reset_Handler
                0x00000530       0xe4 src/ASF/sam0/utils/cmsis/samd21/source/gcc/startup_samd21.o
                0x00000530                Reset_Handler
 .text.main     0x00000614       0x10 src/main.o
                0x00000614                main
 .text.__libc_init_array
                0x00000624       0x48 c:/program files (x86)/atmel/studio/7.0/toolchain/arm/arm-gnu-toolchain/bin/../lib/gcc/arm-none-eabi/6.3.1/../../../../arm-none-eabi/lib/thumb/v6-m\libc_nano.a(lib_a-init.o)
                0x00000624                __libc_init_array
 *(.glue_7t)
 .glue_7t       0x0000066c        0x0 linker stubs
 *(.glue_7)
 .glue_7        0x0000066c        0x0 linker stubs
 *(.rodata .rodata* .gnu.linkonce.r.*)
 .rodata.system_clock_source_enable
                0x0000066c       0x24 src/ASF/sam0/drivers/system/clock/clock_samd21_r21_da_ha1/clock.o
 *(.ARM.extab* .gnu.linkonce.armextab.*)
                0x00000690                . = ALIGN (0x4)
 *(.init)
 .init          0x00000690        0x4 c:/program files (x86)/atmel/studio/7.0/toolchain/arm/arm-gnu-toolchain/bin/../lib/gcc/arm-none-eabi/6.3.1/thumb/v6-m/crti.o
                0x00000690                _init
 .init          0x00000694        0x8 c:/program files (x86)/atmel/studio/7.0/toolchain/arm/arm-gnu-toolchain/bin/../lib/gcc/arm-none-eabi/6.3.1/thumb/v6-m/crtn.o
                0x0000069c                . = ALIGN (0x4)
                0x0000069c                __preinit_array_start = .
 *(.preinit_array)
                0x0000069c                __preinit_array_end = .
                0x0000069c                . = ALIGN (0x4)
                0x0000069c                __init_array_start = .
 *(SORT(.init_array.*))
 *(.init_array)
 .init_array    0x0000069c        0x4 c:/program files (x86)/atmel/studio/7.0/toolchain/arm/arm-gnu-toolchain/bin/../lib/gcc/arm-none-eabi/6.3.1/thumb/v6-m/crtbegin.o
                0x000006a0                __init_array_end = .
                0x000006a0                . = ALIGN (0x4)
 *crtbegin.o(.ctors)
 *(EXCLUDE_FILE(*crtend.o) .ctors)
 *(SORT(.ctors.*))
 *crtend.o(.ctors)
                0x000006a0                . = ALIGN (0x4)
 *(.fini)
 .fini          0x000006a0        0x4 c:/program files (x86)/atmel/studio/7.0/toolchain/arm/arm-gnu-toolchain/bin/../lib/gcc/arm-none-eabi/6.3.1/thumb/v6-m/crti.o
                0x000006a0                _fini
 .fini          0x000006a4        0x8 c:/program files (x86)/atmel/studio/7.0/toolchain/arm/arm-gnu-toolchain/bin/../lib/gcc/arm-none-eabi/6.3.1/thumb/v6-m/crtn.o
                0x000006ac                . = ALIGN (0x4)
                0x000006ac                __fini_array_start = .
 *(.fini_array)
 .fini_array    0x000006ac        0x4 c:/program files (x86)/atmel/studio/7.0/toolchain/arm/arm-gnu-toolchain/bin/../lib/gcc/arm-none-eabi/6.3.1/thumb/v6-m/crtbegin.o
 *(SORT(.fini_array.*))
                0x000006b0                __fini_array_end = .
 *crtbegin.o(.dtors)
 *(EXCLUDE_FILE(*crtend.o) .dtors)
 *(SORT(.dtors.*))
 *crtend.o(.dtors)
                0x000006b0                . = ALIGN (0x4)
                0x000006b0                _efixed = .
                [!provide]                PROVIDE (__exidx_start, .)

.vfp11_veneer   0x000006b0        0x0
 .vfp11_veneer  0x000006b0        0x0 linker stubs

.v4_bx          0x000006b0        0x0
 .v4_bx         0x000006b0        0x0 linker stubs

.iplt           0x000006b0        0x0
 .iplt          0x000006b0        0x0 c:/program files (x86)/atmel/studio/7.0/toolchain/arm/arm-gnu-toolchain/bin/../lib/gcc/arm-none-eabi/6.3.1/thumb/v6-m/crtbegin.o

.eh_frame       0x000006b0        0x0
 .eh_frame      0x000006b0        0x0 c:/program files (x86)/atmel/studio/7.0/toolchain/arm/arm-gnu-toolchain/bin/../lib/gcc/arm-none-eabi/6.3.1/thumb/v6-m/crtbegin.o

.rel.dyn        0x000006b0        0x0
 .rel.iplt      0x000006b0        0x0 c:/program files (x86)/atmel/studio/7.0/toolchain/arm/arm-gnu-toolchain/bin/../lib/gcc/arm-none-eabi/6.3.1/thumb/v6-m/crtbegin.o

.jcr            0x000006b0        0x0
 .jcr           0x000006b0        0x0 c:/program files (x86)/atmel/studio/7.0/toolchain/arm/arm-gnu-toolchain/bin/../lib/gcc/arm-none-eabi/6.3.1/thumb/v6-m/crtbegin.o

.igot.plt       0x000006b0        0x0
 .igot.plt      0x000006b0        0x0 c:/program files (x86)/atmel/studio/7.0/toolchain/arm/arm-gnu-toolchain/bin/../lib/gcc/arm-none-eabi/6.3.1/thumb/v6-m/crtbegin.o

.ARM.exidx
 *(.ARM.exidx* .gnu.linkonce.armexidx.*)
                [!provide]                PROVIDE (__exidx_end, .)
                0x000006b0                . = ALIGN (0x4)
                0x000006b0                _etext = .

.relocate       0x20000000        0x4 load address 0x000006b0
                0x20000000                . = ALIGN (0x4)
                0x20000000                _srelocate = .
 *(.ramfunc .ramfunc.*)
 *(.data .data.*)
 .data.g_interrupt_enabled
                0x20000000        0x1 src/ASF/common/utils/interrupt/interrupt_sam_nvic.o
                0x20000000                g_interrupt_enabled
                0x20000004                . = ALIGN (0x4)
 *fill*         0x20000001        0x3 
                0x20000004                _erelocate = .

.bss            0x20000004       0x54 load address 0x000006b4
                0x20000004                . = ALIGN (0x4)
                0x20000004                _sbss = .
                0x20000004                _szero = .
 *(.bss .bss.*)
 .bss           0x20000004       0x1c c:/program files (x86)/atmel/studio/7.0/toolchain/arm/arm-gnu-toolchain/bin/../lib/gcc/arm-none-eabi/6.3.1/thumb/v6-m/crtbegin.o
 .bss._sercom_interrupt_handlers
                0x20000020       0x18 src/ASF/sam0/drivers/sercom/sercom_interrupt.o
 .bss.cpu_irq_critical_section_counter
                0x20000038        0x4 src/ASF/common/utils/interrupt/interrupt_sam_nvic.o
 .bss.cpu_irq_prev_interrupt_state
                0x2000003c        0x1 src/ASF/common/utils/interrupt/interrupt_sam_nvic.o
 *fill*         0x2000003d        0x3 
 .bss._system_clock_inst
                0x20000040       0x18 src/ASF/sam0/drivers/system/clock/clock_samd21_r21_da_ha1/clock.o
 *(COMMON)
                0x20000058                . = ALIGN (0x4)
                0x20000058                _ebss = .
                0x20000058                _ezero = .

.stack          0x20000058     0x2000 load address 0x00000708
                0x20000058                . = ALIGN (0x8)
                0x20000058                _sstack = .
                0x20002058                . = (. + STACK_SIZE)
 *fill*         0x20000058     0x2000 
                0x20002058                . = ALIGN (0x8)
                0x20002058                _estack = .
                0x20002058                . = ALIGN (0x4)
                0x20002058                _end = .
OUTPUT(trashCollection.elf elf32-littlearm)

.ARM.attributes
                0x00000000       0x28
 .ARM.attributes
                0x00000000       0x1e c:/program files (x86)/atmel/studio/7.0/toolchain/arm/arm-gnu-toolchain/bin/../lib/gcc/arm-none-eabi/6.3.1/thumb/v6-m/crti.o
 .ARM.attributes
                0x0000001e       0x2c c:/program files (x86)/atmel/studio/7.0/toolchain/arm/arm-gnu-toolchain/bin/../lib/gcc/arm-none-eabi/6.3.1/thumb/v6-m/crtbegin.o
 .ARM.attributes
                0x0000004a       0x32 src/ASF/sam0/drivers/sercom/sercom_interrupt.o
 .ARM.attributes
                0x0000007c       0x32 src/ASF/common2/boards/user_board/init.o
 .ARM.attributes
                0x000000ae       0x32 src/ASF/common/utils/interrupt/interrupt_sam_nvic.o
 .ARM.attributes
                0x000000e0       0x32 src/ASF/sam0/drivers/system/clock/clock_samd21_r21_da_ha1/clock.o
 .ARM.attributes
                0x00000112       0x32 src/ASF/sam0/drivers/system/clock/clock_samd21_r21_da_ha1/gclk.o
 .ARM.attributes
                0x00000144       0x32 src/ASF/sam0/drivers/system/system.o
 .ARM.attributes
                0x00000176       0x32 src/ASF/sam0/utils/cmsis/samd21/source/gcc/startup_samd21.o
 .ARM.attributes
                0x000001a8       0x32 src/main.o
 .ARM.attributes
                0x000001da       0x2c c:/program files (x86)/atmel/studio/7.0/toolchain/arm/arm-gnu-toolchain/bin/../lib/gcc/arm-none-eabi/6.3.1/../../../../arm-none-eabi/lib/thumb/v6-m\libc_nano.a(lib_a-init.o)
 .ARM.attributes
                0x00000206       0x1e c:/program files (x86)/atmel/studio/7.0/toolchain/arm/arm-gnu-toolchain/bin/../lib/gcc/arm-none-eabi/6.3.1/thumb/v6-m/crtn.o

.comment        0x00000000       0x59
 .comment       0x00000000       0x59 src/ASF/sam0/drivers/sercom/sercom_interrupt.o
                                 0x5a (size before relaxing)
 .comment       0x00000059       0x5a src/ASF/common2/boards/user_board/init.o
 .comment       0x00000059       0x5a src/ASF/common/utils/interrupt/interrupt_sam_nvic.o
 .comment       0x00000059       0x5a src/ASF/sam0/drivers/system/clock/clock_samd21_r21_da_ha1/clock.o
 .comment       0x00000059       0x5a src/ASF/sam0/drivers/system/clock/clock_samd21_r21_da_ha1/gclk.o
 .comment       0x00000059       0x5a src/ASF/sam0/drivers/system/system.o
 .comment       0x00000059       0x5a src/ASF/sam0/utils/cmsis/samd21/source/gcc/startup_samd21.o
 .comment       0x00000059       0x5a src/main.o

.debug_info     0x00000000     0xe7c8
 .debug_info    0x00000000     0x2bd2 src/ASF/sam0/drivers/sercom/sercom_interrupt.o
 .debug_info    0x00002bd2      0xac1 src/ASF/common2/boards/user_board/init.o
 .debug_info    0x00003693      0xb07 src/ASF/common/utils/interrupt/interrupt_sam_nvic.o
 .debug_info    0x0000419a     0x37bf src/ASF/sam0/drivers/system/clock/clock_samd21_r21_da_ha1/clock.o
 .debug_info    0x00007959     0x1ed1 src/ASF/sam0/drivers/system/clock/clock_samd21_r21_da_ha1/gclk.o
 .debug_info    0x0000982a      0xa73 src/ASF/sam0/drivers/system/system.o
 .debug_info    0x0000a29d     0x3a49 src/ASF/sam0/utils/cmsis/samd21/source/gcc/startup_samd21.o
 .debug_info    0x0000dce6      0xae2 src/main.o

.debug_abbrev   0x00000000     0x1516
 .debug_abbrev  0x00000000      0x2d8 src/ASF/sam0/drivers/sercom/sercom_interrupt.o
 .debug_abbrev  0x000002d8      0x1c3 src/ASF/common2/boards/user_board/init.o
 .debug_abbrev  0x0000049b      0x22c src/ASF/common/utils/interrupt/interrupt_sam_nvic.o
 .debug_abbrev  0x000006c7      0x465 src/ASF/sam0/drivers/system/clock/clock_samd21_r21_da_ha1/clock.o
 .debug_abbrev  0x00000b2c      0x3f1 src/ASF/sam0/drivers/system/clock/clock_samd21_r21_da_ha1/gclk.o
 .debug_abbrev  0x00000f1d      0x1e1 src/ASF/sam0/drivers/system/system.o
 .debug_abbrev  0x000010fe      0x234 src/ASF/sam0/utils/cmsis/samd21/source/gcc/startup_samd21.o
 .debug_abbrev  0x00001332      0x1e4 src/main.o

.debug_loc      0x00000000     0x15d5
 .debug_loc     0x00000000      0x161 src/ASF/sam0/drivers/sercom/sercom_interrupt.o
 .debug_loc     0x00000161      0xef0 src/ASF/sam0/drivers/system/clock/clock_samd21_r21_da_ha1/clock.o
 .debug_loc     0x00001051      0x504 src/ASF/sam0/drivers/system/clock/clock_samd21_r21_da_ha1/gclk.o
 .debug_loc     0x00001555       0x20 src/ASF/sam0/drivers/system/system.o
 .debug_loc     0x00001575       0x40 src/ASF/sam0/utils/cmsis/samd21/source/gcc/startup_samd21.o
 .debug_loc     0x000015b5       0x20 src/main.o

.debug_aranges  0x00000000      0x210
 .debug_aranges
                0x00000000       0x60 src/ASF/sam0/drivers/sercom/sercom_interrupt.o
 .debug_aranges
                0x00000060       0x20 src/ASF/common2/boards/user_board/init.o
 .debug_aranges
                0x00000080       0x28 src/ASF/common/utils/interrupt/interrupt_sam_nvic.o
 .debug_aranges
                0x000000a8       0x78 src/ASF/sam0/drivers/system/clock/clock_samd21_r21_da_ha1/clock.o
 .debug_aranges
                0x00000120       0x80 src/ASF/sam0/drivers/system/clock/clock_samd21_r21_da_ha1/gclk.o
 .debug_aranges
                0x000001a0       0x28 src/ASF/sam0/drivers/system/system.o
 .debug_aranges
                0x000001c8       0x28 src/ASF/sam0/utils/cmsis/samd21/source/gcc/startup_samd21.o
 .debug_aranges
                0x000001f0       0x20 src/main.o

.debug_ranges   0x00000000      0x1a8
 .debug_ranges  0x00000000       0x50 src/ASF/sam0/drivers/sercom/sercom_interrupt.o
 .debug_ranges  0x00000050       0x10 src/ASF/common2/boards/user_board/init.o
 .debug_ranges  0x00000060       0x18 src/ASF/common/utils/interrupt/interrupt_sam_nvic.o
 .debug_ranges  0x00000078       0x68 src/ASF/sam0/drivers/system/clock/clock_samd21_r21_da_ha1/clock.o
 .debug_ranges  0x000000e0       0x88 src/ASF/sam0/drivers/system/clock/clock_samd21_r21_da_ha1/gclk.o
 .debug_ranges  0x00000168       0x18 src/ASF/sam0/drivers/system/system.o
 .debug_ranges  0x00000180       0x18 src/ASF/sam0/utils/cmsis/samd21/source/gcc/startup_samd21.o
 .debug_ranges  0x00000198       0x10 src/main.o

.debug_macro    0x00000000     0x2f31
 .debug_macro   0x00000000      0x588 src/ASF/sam0/drivers/sercom/sercom_interrupt.o
 .debug_macro   0x00000588      0x5f5 src/ASF/common2/boards/user_board/init.o
 .debug_macro   0x00000b7d      0x2c6 src/ASF/common2/boards/user_board/init.o
 .debug_macro   0x00000e43       0x57 src/ASF/common2/boards/user_board/init.o
 .debug_macro   0x00000e9a      0x4fe src/ASF/common/utils/interrupt/interrupt_sam_nvic.o
 .debug_macro   0x00001398      0x56f src/ASF/sam0/drivers/system/clock/clock_samd21_r21_da_ha1/clock.o
 .debug_macro   0x00001907      0x29d src/ASF/sam0/drivers/system/clock/clock_samd21_r21_da_ha1/clock.o
 .debug_macro   0x00001ba4      0x534 src/ASF/sam0/drivers/system/clock/clock_samd21_r21_da_ha1/gclk.o
 .debug_macro   0x000020d8      0x541 src/ASF/sam0/drivers/system/system.o
 .debug_macro   0x00002619      0x2e5 src/ASF/sam0/utils/cmsis/samd21/source/gcc/startup_samd21.o
 .debug_macro   0x000028fe       0x3a src/ASF/sam0/utils/cmsis/samd21/source/gcc/startup_samd21.o
 .debug_macro   0x00002938      0x5f9 src/main.o

.debug_line     0x00000000     0x55d6
 .debug_line    0x00000000      0xb6f src/ASF/sam0/drivers/sercom/sercom_interrupt.o
 .debug_line    0x00000b6f      0xc5f src/ASF/common2/boards/user_board/init.o
 .debug_line    0x000017ce      0x8c6 src/ASF/common/utils/interrupt/interrupt_sam_nvic.o
 .debug_line    0x00002094      0xc47 src/ASF/sam0/drivers/system/clock/clock_samd21_r21_da_ha1/clock.o
 .debug_line    0x00002cdb      0xc6e src/ASF/sam0/drivers/system/clock/clock_samd21_r21_da_ha1/gclk.o
 .debug_line    0x00003949      0x9e9 src/ASF/sam0/drivers/system/system.o
 .debug_line    0x00004332      0x644 src/ASF/sam0/utils/cmsis/samd21/source/gcc/startup_samd21.o
 .debug_line    0x00004976      0xc60 src/main.o

.debug_str      0x00000000    0x84b08
 .debug_str     0x00000000    0x7ffe8 src/ASF/sam0/drivers/sercom/sercom_interrupt.o
                              0x80957 (size before relaxing)
 .debug_str     0x0007ffe8      0xabc src/ASF/common2/boards/user_board/init.o
                              0x8060f (size before relaxing)
 .debug_str     0x00080aa4       0x94 src/ASF/common/utils/interrupt/interrupt_sam_nvic.o
                              0x7f413 (size before relaxing)
 .debug_str     0x00080b38     0x2dd7 src/ASF/sam0/drivers/system/clock/clock_samd21_r21_da_ha1/clock.o
                              0x825ac (size before relaxing)
 .debug_str     0x0008390f      0x27c src/ASF/sam0/drivers/system/clock/clock_samd21_r21_da_ha1/gclk.o
                              0x800d6 (size before relaxing)
 .debug_str     0x00083b8b       0x47 src/ASF/sam0/drivers/system/system.o
                              0x7f4f0 (size before relaxing)
 .debug_str     0x00083bd2      0xf28 src/ASF/sam0/utils/cmsis/samd21/source/gcc/startup_samd21.o
                              0x6b2d0 (size before relaxing)
 .debug_str     0x00084afa        0xe src/main.o
                              0x805f0 (size before relaxing)

.debug_frame    0x00000000      0x498
 .debug_frame   0x00000000       0xe8 src/ASF/sam0/drivers/sercom/sercom_interrupt.o
 .debug_frame   0x000000e8       0x20 src/ASF/common2/boards/user_board/init.o
 .debug_frame   0x00000108       0x30 src/ASF/common/utils/interrupt/interrupt_sam_nvic.o
 .debug_frame   0x00000138      0x14c src/ASF/sam0/drivers/system/clock/clock_samd21_r21_da_ha1/clock.o
 .debug_frame   0x00000284      0x148 src/ASF/sam0/drivers/system/clock/clock_samd21_r21_da_ha1/gclk.o
 .debug_frame   0x000003cc       0x38 src/ASF/sam0/drivers/system/system.o
 .debug_frame   0x00000404       0x40 src/ASF/sam0/utils/cmsis/samd21/source/gcc/startup_samd21.o
 .debug_frame   0x00000444       0x28 src/main.o
 .debug_frame   0x0000046c       0x2c c:/program files (x86)/atmel/studio/7.0/toolchain/arm/arm-gnu-toolchain/bin/../lib/gcc/arm-none-eabi/6.3.1/../../../../arm-none-eabi/lib/thumb/v6-m\libc_nano.a(lib_a-init.o)

Cross Reference Table

Symbol                                            File
AC_Handler                                        src/ASF/sam0/utils/cmsis/samd21/source/gcc/startup_samd21.o
ADC_Handler                                       src/ASF/sam0/utils/cmsis/samd21/source/gcc/startup_samd21.o
DAC_Handler                                       src/ASF/sam0/utils/cmsis/samd21/source/gcc/startup_samd21.o
DMAC_Handler                                      src/ASF/sam0/utils/cmsis/samd21/source/gcc/startup_samd21.o
Dummy_Handler                                     src/ASF/sam0/utils/cmsis/samd21/source/gcc/startup_samd21.o
EIC_Handler                                       src/ASF/sam0/utils/cmsis/samd21/source/gcc/startup_samd21.o
EVSYS_Handler                                     src/ASF/sam0/utils/cmsis/samd21/source/gcc/startup_samd21.o
HardFault_Handler                                 src/ASF/sam0/utils/cmsis/samd21/source/gcc/startup_samd21.o
I2S_Handler                                       src/ASF/sam0/utils/cmsis/samd21/source/gcc/startup_samd21.o
NMI_Handler                                       src/ASF/sam0/utils/cmsis/samd21/source/gcc/startup_samd21.o
NVMCTRL_Handler                                   src/ASF/sam0/utils/cmsis/samd21/source/gcc/startup_samd21.o
PM_Handler                                        src/ASF/sam0/utils/cmsis/samd21/source/gcc/startup_samd21.o
PTC_Handler                                       src/ASF/sam0/utils/cmsis/samd21/source/gcc/startup_samd21.o
PendSV_Handler                                    src/ASF/sam0/utils/cmsis/samd21/source/gcc/startup_samd21.o
RTC_Handler                                       src/ASF/sam0/utils/cmsis/samd21/source/gcc/startup_samd21.o
Reset_Handler                                     src/ASF/sam0/utils/cmsis/samd21/source/gcc/startup_samd21.o
SERCOM0_Handler                                   src/ASF/sam0/drivers/sercom/sercom_interrupt.o
SERCOM1_Handler                                   src/ASF/sam0/drivers/sercom/sercom_interrupt.o
SERCOM2_Handler                                   src/ASF/sam0/drivers/sercom/sercom_interrupt.o
SERCOM3_Handler                                   src/ASF/sam0/drivers/sercom/sercom_interrupt.o
SERCOM4_Handler                                   src/ASF/sam0/drivers/sercom/sercom_interrupt.o
SERCOM5_Handler                                   src/ASF/sam0/drivers/sercom/sercom_interrupt.o
SVC_Handler                                       src/ASF/sam0/utils/cmsis/samd21/source/gcc/startup_samd21.o
SYSCTRL_Handler                                   src/ASF/sam0/utils/cmsis/samd21/source/gcc/startup_samd21.o
SysTick_Handler                                   src/ASF/sam0/utils/cmsis/samd21/source/gcc/startup_samd21.o
SystemCoreClock                                   src/ASF/sam0/utils/cmsis/samd21/source/system_samd21.o
SystemCoreClockUpdate                             src/ASF/sam0/utils/cmsis/samd21/source/system_samd21.o
SystemInit                                        src/ASF/sam0/utils/cmsis/samd21/source/system_samd21.o
TC3_Handler                                       src/ASF/sam0/utils/cmsis/samd21/source/gcc/startup_samd21.o
TC4_Handler                                       src/ASF/sam0/utils/cmsis/samd21/source/gcc/startup_samd21.o
TC5_Handler                                       src/ASF/sam0/utils/cmsis/samd21/source/gcc/startup_samd21.o
TCC0_Handler                                      src/ASF/sam0/utils/cmsis/samd21/source/gcc/startup_samd21.o
TCC1_Handler                                      src/ASF/sam0/utils/cmsis/samd21/source/gcc/startup_samd21.o
TCC2_Handler                                      src/ASF/sam0/utils/cmsis/samd21/source/gcc/startup_samd21.o
USB_Handler                                       src/ASF/sam0/utils/cmsis/samd21/source/gcc/startup_samd21.o
WDT_Handler                                       src/ASF/sam0/utils/cmsis/samd21/source/gcc/startup_samd21.o
_Jv_RegisterClasses                               c:/program files (x86)/atmel/studio/7.0/toolchain/arm/arm-gnu-toolchain/bin/../lib/gcc/arm-none-eabi/6.3.1/thumb/v6-m/crtbegin.o
__aeabi_idiv0                                     c:/program files (x86)/atmel/studio/7.0/toolchain/arm/arm-gnu-toolchain/bin/../lib/gcc/arm-none-eabi/6.3.1/thumb/v6-m\libgcc.a(_dvmd_tls.o)
                                                  c:/program files (x86)/atmel/studio/7.0/toolchain/arm/arm-gnu-toolchain/bin/../lib/gcc/arm-none-eabi/6.3.1/thumb/v6-m\libgcc.a(_udivsi3.o)
__aeabi_ldiv0                                     c:/program files (x86)/atmel/studio/7.0/toolchain/arm/arm-gnu-toolchain/bin/../lib/gcc/arm-none-eabi/6.3.1/thumb/v6-m\libgcc.a(_dvmd_tls.o)
__aeabi_lmul                                      c:/program files (x86)/atmel/studio/7.0/toolchain/arm/arm-gnu-toolchain/bin/../lib/gcc/arm-none-eabi/6.3.1/thumb/v6-m\libgcc.a(_muldi3.o)
                                                  src/ASF/sam0/drivers/sercom/sercom.o
__aeabi_uidiv                                     c:/program files (x86)/atmel/studio/7.0/toolchain/arm/arm-gnu-toolchain/bin/../lib/gcc/arm-none-eabi/6.3.1/thumb/v6-m\libgcc.a(_udivsi3.o)
                                                  src/ASF/sam0/drivers/system/clock/clock_samd21_r21_da_ha1/gclk.o
                                                  src/ASF/sam0/drivers/system/clock/clock_samd21_r21_da_ha1/clock.o
__aeabi_uidivmod                                  c:/program files (x86)/atmel/studio/7.0/toolchain/arm/arm-gnu-toolchain/bin/../lib/gcc/arm-none-eabi/6.3.1/thumb/v6-m\libgcc.a(_udivsi3.o)
__bss_end__                                       c:/program files (x86)/atmel/studio/7.0/toolchain/arm/arm-gnu-toolchain/bin/../lib/gcc/arm-none-eabi/6.3.1/../../../../arm-none-eabi/lib/thumb/v6-m/crt0.o
__bss_start__                                     c:/program files (x86)/atmel/studio/7.0/toolchain/arm/arm-gnu-toolchain/bin/../lib/gcc/arm-none-eabi/6.3.1/../../../../arm-none-eabi/lib/thumb/v6-m/crt0.o
__call_exitprocs                                  c:/program files (x86)/atmel/studio/7.0/toolchain/arm/arm-gnu-toolchain/bin/../lib/gcc/arm-none-eabi/6.3.1/../../../../arm-none-eabi/lib/thumb/v6-m\libc_nano.a(lib_a-exit.o)
__deregister_frame_info                           c:/program files (x86)/atmel/studio/7.0/toolchain/arm/arm-gnu-toolchain/bin/../lib/gcc/arm-none-eabi/6.3.1/thumb/v6-m/crtbegin.o
__dso_handle                                      c:/program files (x86)/atmel/studio/7.0/toolchain/arm/arm-gnu-toolchain/bin/../lib/gcc/arm-none-eabi/6.3.1/thumb/v6-m/crtbegin.o
__init_array_end                                  c:/program files (x86)/atmel/studio/7.0/toolchain/arm/arm-gnu-toolchain/bin/../lib/gcc/arm-none-eabi/6.3.1/../../../../arm-none-eabi/lib/thumb/v6-m\libc_nano.a(lib_a-init.o)
__init_array_start                                c:/program files (x86)/atmel/studio/7.0/toolchain/arm/arm-gnu-toolchain/bin/../lib/gcc/arm-none-eabi/6.3.1/../../../../arm-none-eabi/lib/thumb/v6-m\libc_nano.a(lib_a-init.o)
__libc_fini_array                                 c:/program files (x86)/atmel/studio/7.0/toolchain/arm/arm-gnu-toolchain/bin/../lib/gcc/arm-none-eabi/6.3.1/../../../../arm-none-eabi/lib/thumb/v6-m/crt0.o
__libc_init_array                                 c:/program files (x86)/atmel/studio/7.0/toolchain/arm/arm-gnu-toolchain/bin/../lib/gcc/arm-none-eabi/6.3.1/../../../../arm-none-eabi/lib/thumb/v6-m\libc_nano.a(lib_a-init.o)
                                                  src/ASF/sam0/utils/cmsis/samd21/source/gcc/startup_samd21.o
                                                  c:/program files (x86)/atmel/studio/7.0/toolchain/arm/arm-gnu-toolchain/bin/../lib/gcc/arm-none-eabi/6.3.1/../../../../arm-none-eabi/lib/thumb/v6-m/crt0.o
__muldi3                                          c:/program files (x86)/atmel/studio/7.0/toolchain/arm/arm-gnu-toolchain/bin/../lib/gcc/arm-none-eabi/6.3.1/thumb/v6-m\libgcc.a(_muldi3.o)
__preinit_array_end                               c:/program files (x86)/atmel/studio/7.0/toolchain/arm/arm-gnu-toolchain/bin/../lib/gcc/arm-none-eabi/6.3.1/../../../../arm-none-eabi/lib/thumb/v6-m\libc_nano.a(lib_a-init.o)
__preinit_array_start                             c:/program files (x86)/atmel/studio/7.0/toolchain/arm/arm-gnu-toolchain/bin/../lib/gcc/arm-none-eabi/6.3.1/../../../../arm-none-eabi/lib/thumb/v6-m\libc_nano.a(lib_a-init.o)
__register_frame_info                             c:/program files (x86)/atmel/studio/7.0/toolchain/arm/arm-gnu-toolchain/bin/../lib/gcc/arm-none-eabi/6.3.1/thumb/v6-m/crtbegin.o
__sf_fake_stderr                                  c:/program files (x86)/atmel/studio/7.0/toolchain/arm/arm-gnu-toolchain/bin/../lib/gcc/arm-none-eabi/6.3.1/../../../../arm-none-eabi/lib/thumb/v6-m\libc_nano.a(lib_a-impure.o)
__sf_fake_stdin                                   c:/program files (x86)/atmel/studio/7.0/toolchain/arm/arm-gnu-toolchain/bin/../lib/gcc/arm-none-eabi/6.3.1/../../../../arm-none-eabi/lib/thumb/v6-m\libc_nano.a(lib_a-impure.o)
__sf_fake_stdout                                  c:/program files (x86)/atmel/studio/7.0/toolchain/arm/arm-gnu-toolchain/bin/../lib/gcc/arm-none-eabi/6.3.1/../../../../arm-none-eabi/lib/thumb/v6-m\libc_nano.a(lib_a-impure.o)
__stack                                           c:/program files (x86)/atmel/studio/7.0/toolchain/arm/arm-gnu-toolchain/bin/../lib/gcc/arm-none-eabi/6.3.1/../../../../arm-none-eabi/lib/thumb/v6-m/crt0.o
__udivsi3                                         c:/program files (x86)/atmel/studio/7.0/toolchain/arm/arm-gnu-toolchain/bin/../lib/gcc/arm-none-eabi/6.3.1/thumb/v6-m\libgcc.a(_udivsi3.o)
_close                                            src/ASF/sam0/utils/syscalls/gcc/syscalls.o
_end                                              src/ASF/sam0/utils/syscalls/gcc/syscalls.o
_erelocate                                        src/ASF/sam0/utils/cmsis/samd21/source/gcc/startup_samd21.o
_estack                                           src/ASF/sam0/utils/cmsis/samd21/source/gcc/startup_samd21.o
_etext                                            src/ASF/sam0/utils/cmsis/samd21/source/gcc/startup_samd21.o
_exit                                             src/ASF/sam0/utils/syscalls/gcc/syscalls.o
                                                  c:/program files (x86)/atmel/studio/7.0/toolchain/arm/arm-gnu-toolchain/bin/../lib/gcc/arm-none-eabi/6.3.1/../../../../arm-none-eabi/lib/thumb/v6-m\libc_nano.a(lib_a-exit.o)
_ezero                                            src/ASF/sam0/utils/cmsis/samd21/source/gcc/startup_samd21.o
_fini                                             c:/program files (x86)/atmel/studio/7.0/toolchain/arm/arm-gnu-toolchain/bin/../lib/gcc/arm-none-eabi/6.3.1/thumb/v6-m/crti.o
_fstat                                            src/ASF/sam0/utils/syscalls/gcc/syscalls.o
_getpid                                           src/ASF/sam0/utils/syscalls/gcc/syscalls.o
_global_impure_ptr                                c:/program files (x86)/atmel/studio/7.0/toolchain/arm/arm-gnu-toolchain/bin/../lib/gcc/arm-none-eabi/6.3.1/../../../../arm-none-eabi/lib/thumb/v6-m\libc_nano.a(lib_a-impure.o)
                                                  c:/program files (x86)/atmel/studio/7.0/toolchain/arm/arm-gnu-toolchain/bin/../lib/gcc/arm-none-eabi/6.3.1/../../../../arm-none-eabi/lib/thumb/v6-m\libc_nano.a(lib_a-exit.o)
_impure_ptr                                       c:/program files (x86)/atmel/studio/7.0/toolchain/arm/arm-gnu-toolchain/bin/../lib/gcc/arm-none-eabi/6.3.1/../../../../arm-none-eabi/lib/thumb/v6-m\libc_nano.a(lib_a-impure.o)
_init                                             c:/program files (x86)/atmel/studio/7.0/toolchain/arm/arm-gnu-toolchain/bin/../lib/gcc/arm-none-eabi/6.3.1/thumb/v6-m/crti.o
                                                  c:/program files (x86)/atmel/studio/7.0/toolchain/arm/arm-gnu-toolchain/bin/../lib/gcc/arm-none-eabi/6.3.1/../../../../arm-none-eabi/lib/thumb/v6-m\libc_nano.a(lib_a-init.o)
_isatty                                           src/ASF/sam0/utils/syscalls/gcc/syscalls.o
_kill                                             src/ASF/sam0/utils/syscalls/gcc/syscalls.o
_lseek                                            src/ASF/sam0/utils/syscalls/gcc/syscalls.o
_mainCRTStartup                                   c:/program files (x86)/atmel/studio/7.0/toolchain/arm/arm-gnu-toolchain/bin/../lib/gcc/arm-none-eabi/6.3.1/../../../../arm-none-eabi/lib/thumb/v6-m/crt0.o
_read                                             src/ASF/sam0/utils/stdio/read.o
_sbrk                                             src/ASF/sam0/utils/syscalls/gcc/syscalls.o
_sercom_get_async_baud_val                        src/ASF/sam0/drivers/sercom/sercom.o
                                                  src/ASF/sam0/drivers/sercom/usart/usart.o
_sercom_get_default_pad                           src/ASF/sam0/drivers/sercom/sercom.o
                                                  src/ASF/sam0/drivers/sercom/usart/usart.o
_sercom_get_interrupt_vector                      src/ASF/sam0/drivers/sercom/sercom_interrupt.o
_sercom_get_sercom_inst_index                     src/ASF/sam0/drivers/sercom/sercom.o
                                                  src/ASF/sam0/drivers/sercom/sercom_interrupt.o
                                                  src/ASF/sam0/drivers/sercom/usart/usart.o
_sercom_get_sync_baud_val                         src/ASF/sam0/drivers/sercom/sercom.o
                                                  src/ASF/sam0/drivers/sercom/usart/usart.o
_sercom_instances                                 src/ASF/sam0/drivers/sercom/sercom_interrupt.o
                                                  src/ASF/sam0/drivers/sercom/usart/usart_interrupt.o
                                                  src/ASF/sam0/drivers/sercom/usart/usart.o
_sercom_set_handler                               src/ASF/sam0/drivers/sercom/sercom_interrupt.o
                                                  src/ASF/sam0/drivers/sercom/usart/usart.o
_sfixed                                           src/ASF/sam0/utils/cmsis/samd21/source/gcc/startup_samd21.o
_srelocate                                        src/ASF/sam0/utils/cmsis/samd21/source/gcc/startup_samd21.o
_start                                            c:/program files (x86)/atmel/studio/7.0/toolchain/arm/arm-gnu-toolchain/bin/../lib/gcc/arm-none-eabi/6.3.1/../../../../arm-none-eabi/lib/thumb/v6-m/crt0.o
_system_divas_init                                src/ASF/sam0/drivers/system/system.o
_system_dummy_init                                src/ASF/sam0/drivers/system/system.o
_system_events_init                               src/ASF/sam0/drivers/system/system.o
_system_extint_init                               src/ASF/sam0/drivers/system/system.o
_szero                                            src/ASF/sam0/utils/cmsis/samd21/source/gcc/startup_samd21.o
_usart_interrupt_handler                          src/ASF/sam0/drivers/sercom/usart/usart_interrupt.o
                                                  src/ASF/sam0/drivers/sercom/usart/usart.o
_usart_read_buffer                                src/ASF/sam0/drivers/sercom/usart/usart_interrupt.o
_usart_write_buffer                               src/ASF/sam0/drivers/sercom/usart/usart_interrupt.o
_write                                            src/ASF/sam0/utils/stdio/write.o
atexit                                            c:/program files (x86)/atmel/studio/7.0/toolchain/arm/arm-gnu-toolchain/bin/../lib/gcc/arm-none-eabi/6.3.1/../../../../arm-none-eabi/lib/thumb/v6-m/crt0.o
board_init                                        src/ASF/common2/boards/user_board/init.o
cpu_irq_enter_critical                            src/ASF/common/utils/interrupt/interrupt_sam_nvic.o
                                                  src/ASF/sam0/drivers/system/clock/clock_samd21_r21_da_ha1/gclk.o
                                                  src/ASF/sam0/drivers/sercom/usart/usart_interrupt.o
cpu_irq_leave_critical                            src/ASF/common/utils/interrupt/interrupt_sam_nvic.o
                                                  src/ASF/sam0/drivers/system/clock/clock_samd21_r21_da_ha1/gclk.o
                                                  src/ASF/sam0/drivers/sercom/usart/usart_interrupt.o
exception_table                                   src/ASF/sam0/utils/cmsis/samd21/source/gcc/startup_samd21.o
exit                                              c:/program files (x86)/atmel/studio/7.0/toolchain/arm/arm-gnu-toolchain/bin/../lib/gcc/arm-none-eabi/6.3.1/../../../../arm-none-eabi/lib/thumb/v6-m\libc_nano.a(lib_a-exit.o)
                                                  c:/program files (x86)/atmel/studio/7.0/toolchain/arm/arm-gnu-toolchain/bin/../lib/gcc/arm-none-eabi/6.3.1/../../../../arm-none-eabi/lib/thumb/v6-m/crt0.o
g_interrupt_enabled                               src/ASF/common/utils/interrupt/interrupt_sam_nvic.o
hardware_init_hook                                c:/program files (x86)/atmel/studio/7.0/toolchain/arm/arm-gnu-toolchain/bin/../lib/gcc/arm-none-eabi/6.3.1/../../../../arm-none-eabi/lib/thumb/v6-m/crt0.o
link                                              src/ASF/sam0/utils/syscalls/gcc/syscalls.o
main                                              src/main.o
                                                  src/ASF/sam0/utils/cmsis/samd21/source/gcc/startup_samd21.o
                                                  c:/program files (x86)/atmel/studio/7.0/toolchain/arm/arm-gnu-toolchain/bin/../lib/gcc/arm-none-eabi/6.3.1/../../../../arm-none-eabi/lib/thumb/v6-m/crt0.o
memset                                            c:/program files (x86)/atmel/studio/7.0/toolchain/arm/arm-gnu-toolchain/bin/../lib/gcc/arm-none-eabi/6.3.1/../../../../arm-none-eabi/lib/thumb/v6-m\libc_nano.a(lib_a-memset.o)
                                                  c:/program files (x86)/atmel/studio/7.0/toolchain/arm/arm-gnu-toolchain/bin/../lib/gcc/arm-none-eabi/6.3.1/../../../../arm-none-eabi/lib/thumb/v6-m/crt0.o
port_group_set_config                             src/ASF/sam0/drivers/port/port.o
port_pin_set_config                               src/ASF/sam0/drivers/port/port.o
ptr_get                                           src/ASF/sam0/utils/stdio/read.o
ptr_put                                           src/ASF/sam0/utils/stdio/write.o
sercom_set_gclk_generator                         src/ASF/sam0/drivers/sercom/sercom.o
                                                  src/ASF/sam0/drivers/sercom/usart/usart.o
software_init_hook                                c:/program files (x86)/atmel/studio/7.0/toolchain/arm/arm-gnu-toolchain/bin/../lib/gcc/arm-none-eabi/6.3.1/../../../../arm-none-eabi/lib/thumb/v6-m/crt0.o
stdio_base                                        src/ASF/sam0/utils/stdio/write.o
                                                  src/ASF/sam0/utils/stdio/read.o
system_board_init                                 src/ASF/common2/boards/user_board/init.o
system_clock_init                                 src/ASF/sam0/drivers/system/clock/clock_samd21_r21_da_ha1/clock.o
system_clock_source_dfll_set_config               src/ASF/sam0/drivers/system/clock/clock_samd21_r21_da_ha1/clock.o
system_clock_source_disable                       src/ASF/sam0/drivers/system/clock/clock_samd21_r21_da_ha1/clock.o
system_clock_source_dpll_set_config               src/ASF/sam0/drivers/system/clock/clock_samd21_r21_da_ha1/clock.o
system_clock_source_enable                        src/ASF/sam0/drivers/system/clock/clock_samd21_r21_da_ha1/clock.o
system_clock_source_get_hz                        src/ASF/sam0/drivers/system/clock/clock_samd21_r21_da_ha1/clock.o
                                                  src/ASF/sam0/drivers/system/clock/clock_samd21_r21_da_ha1/gclk.o
system_clock_source_is_ready                      src/ASF/sam0/drivers/system/clock/clock_samd21_r21_da_ha1/clock.o
system_clock_source_osc32k_set_config             src/ASF/sam0/drivers/system/clock/clock_samd21_r21_da_ha1/clock.o
system_clock_source_osc8m_set_config              src/ASF/sam0/drivers/system/clock/clock_samd21_r21_da_ha1/clock.o
system_clock_source_write_calibration             src/ASF/sam0/drivers/system/clock/clock_samd21_r21_da_ha1/clock.o
system_clock_source_xosc32k_set_config            src/ASF/sam0/drivers/system/clock/clock_samd21_r21_da_ha1/clock.o
system_clock_source_xosc_set_config               src/ASF/sam0/drivers/system/clock/clock_samd21_r21_da_ha1/clock.o
system_gclk_chan_disable                          src/ASF/sam0/drivers/system/clock/clock_samd21_r21_da_ha1/gclk.o
system_gclk_chan_enable                           src/ASF/sam0/drivers/system/clock/clock_samd21_r21_da_ha1/gclk.o
                                                  src/ASF/sam0/drivers/sercom/usart/usart.o
                                                  src/ASF/sam0/drivers/sercom/sercom.o
system_gclk_chan_get_hz                           src/ASF/sam0/drivers/system/clock/clock_samd21_r21_da_ha1/gclk.o
                                                  src/ASF/sam0/drivers/system/clock/clock_samd21_r21_da_ha1/clock.o
                                                  src/ASF/sam0/drivers/sercom/usart/usart.o
system_gclk_chan_is_enabled                       src/ASF/sam0/drivers/system/clock/clock_samd21_r21_da_ha1/gclk.o
system_gclk_chan_is_locked                        src/ASF/sam0/drivers/system/clock/clock_samd21_r21_da_ha1/gclk.o
system_gclk_chan_lock                             src/ASF/sam0/drivers/system/clock/clock_samd21_r21_da_ha1/gclk.o
system_gclk_chan_set_config                       src/ASF/sam0/drivers/system/clock/clock_samd21_r21_da_ha1/gclk.o
                                                  src/ASF/sam0/drivers/system/clock/clock_samd21_r21_da_ha1/clock.o
                                                  src/ASF/sam0/drivers/sercom/usart/usart.o
                                                  src/ASF/sam0/drivers/sercom/sercom.o
system_gclk_gen_disable                           src/ASF/sam0/drivers/system/clock/clock_samd21_r21_da_ha1/gclk.o
system_gclk_gen_enable                            src/ASF/sam0/drivers/system/clock/clock_samd21_r21_da_ha1/gclk.o
                                                  src/ASF/sam0/drivers/system/clock/clock_samd21_r21_da_ha1/clock.o
system_gclk_gen_get_hz                            src/ASF/sam0/drivers/system/clock/clock_samd21_r21_da_ha1/gclk.o
system_gclk_gen_is_enabled                        src/ASF/sam0/drivers/system/clock/clock_samd21_r21_da_ha1/gclk.o
system_gclk_gen_set_config                        src/ASF/sam0/drivers/system/clock/clock_samd21_r21_da_ha1/gclk.o
                                                  src/ASF/sam0/drivers/system/clock/clock_samd21_r21_da_ha1/clock.o
system_gclk_init                                  src/ASF/sam0/drivers/system/clock/clock_samd21_r21_da_ha1/gclk.o
                                                  src/ASF/sam0/drivers/system/clock/clock_samd21_r21_da_ha1/clock.o
system_init                                       src/ASF/sam0/drivers/system/system.o
                                                  src/main.o
system_interrupt_clear_pending                    src/ASF/sam0/drivers/system/interrupt/system_interrupt.o
system_interrupt_get_priority                     src/ASF/sam0/drivers/system/interrupt/system_interrupt.o
system_interrupt_is_pending                       src/ASF/sam0/drivers/system/interrupt/system_interrupt.o
system_interrupt_set_pending                      src/ASF/sam0/drivers/system/interrupt/system_interrupt.o
system_interrupt_set_priority                     src/ASF/sam0/drivers/system/interrupt/system_interrupt.o
system_pinmux_group_set_config                    src/ASF/sam0/drivers/system/pinmux/pinmux.o
                                                  src/ASF/sam0/drivers/port/port.o
system_pinmux_group_set_input_sample_mode         src/ASF/sam0/drivers/system/pinmux/pinmux.o
system_pinmux_group_set_output_strength           src/ASF/sam0/drivers/system/pinmux/pinmux.o
system_pinmux_pin_set_config                      src/ASF/sam0/drivers/system/pinmux/pinmux.o
                                                  src/ASF/sam0/drivers/port/port.o
                                                  src/ASF/sam0/drivers/sercom/usart/usart.o
usart_abort_job                                   src/ASF/sam0/drivers/sercom/usart/usart_interrupt.o
usart_get_job_status                              src/ASF/sam0/drivers/sercom/usart/usart_interrupt.o
usart_init                                        src/ASF/sam0/drivers/sercom/usart/usart.o
usart_read_buffer_job                             src/ASF/sam0/drivers/sercom/usart/usart_interrupt.o
usart_read_buffer_wait                            src/ASF/sam0/drivers/sercom/usart/usart.o
usart_read_job                                    src/ASF/sam0/drivers/sercom/usart/usart_interrupt.o
usart_read_wait                                   src/ASF/sam0/drivers/sercom/usart/usart.o
usart_register_callback                           src/ASF/sam0/drivers/sercom/usart/usart_interrupt.o
usart_unregister_callback                         src/ASF/sam0/drivers/sercom/usart/usart_interrupt.o
usart_write_buffer_job                            src/ASF/sam0/drivers/sercom/usart/usart_interrupt.o
usart_write_buffer_wait                           src/ASF/sam0/drivers/sercom/usart/usart.o
usart_write_job                                   src/ASF/sam0/drivers/sercom/usart/usart_interrupt.o
usart_write_wait                                  src/ASF/sam0/drivers/sercom/usart/usart.o
